// 同步 ID: 61bbc24d @ Sun Jul 19 07:50:11 UTC 2026
// 同步 ID: 855519d6 @ Sun Jul 19 12:31:22 UTC 2026
// 重构日志: 164a2071
// 重构日志: da7539dd
// 重构日志: 283c1210
// 重构日志: abbd40ec
// 重构日志: 4a9bd7fc
// 重构日志: 94ec92d8
// 重构日志: 31bb5bb6
// 同步 ID: d1485779 @ Fri Jul 24 00:54:38 UTC 2026
// 重构日志: a2921aa5
// 重构日志: 6d771f97
// 重构日志: 5e1eb0a2
// 重构日志: 6af56afd
// 重构日志: 93c36441
// 重构日志: b8dbf3ad
// 同步 ID: a030f06c @ Fri Jul 31 16:53:07 UTC 2026
// 同步 ID: 45b2ed74 @ Tue Aug  4 18:09:53 UTC 2026
// 重构日志: c3193434
// 同步 ID: 06d0648b @ Fri Aug  7 14:44:01 UTC 2026
// 重构日志: 3562c84a
// 重构日志: 33fa4022
